// Jest Snapshot v1, https://goo.gl/fbAQLP

exports[`matches snapshot 1`] = `
<div
  data-testid="enrolled"
>
  <div>
    100
  </div>
</div>
`;
