// Jest Snapshot v1, https://goo.gl/fbAQLP

exports[`matches snapshot 1`] = `
<div
  data-testid="title-test"
>
  <div>
    snapshot
  </div>
</div>
`;
